<html>
<body>
<pre>
<h1>µVision Build Log</h1>
<h2>Project:</h2>
E:\v25he11b13\ARM\sample1.uvproj
Project File Date:  07/14/2026

<h2>Output:</h2>
Build target 'Target 1'
assembling Startup.s...
compiling delay_loop.c...
delay_loop.c(3): warning:  #1-D: last line of file ends without a newline
delay_loop.c:   }
delay_loop.c:    ^
delay_loop.c: delay_loop.c: 1 warning, 0 errors
linking...
Program Size: Code=740 RO-data=16 RW-data=0 ZI-data=1256  
"sample1.axf" - 0 Error(s), 1 Warning(s).
Build target 'Target 1'
assembling Startup.s...
compiling delay_loop.c...
linking...
Program Size: Code=740 RO-data=16 RW-data=0 ZI-data=1256  
"sample1.axf" - 0 Error(s), 0 Warning(s).
Build target 'Target 1'
assembling Startup.s...
compiling delay_loop.c...
delay_loop.c(3): error:  #29: expected an expression
delay_loop.c:           for(int i=12; i>0; i--);
delay_loop.c:               ^
delay_loop.c(3): error:  #20: identifier "i" is undefined
delay_loop.c:           for(int i=12; i>0; i--);
delay_loop.c:                         ^
delay_loop.c: delay_loop.c: 0 warnings, 2 errors
Target not created
Build target 'Target 1'
assembling Startup.s...
compiling delay_loop.c...
linking...
Program Size: Code=760 RO-data=16 RW-data=0 ZI-data=1256  
"sample1.axf" - 0 Error(s), 0 Warning(s).
Build target 'Target 1'
assembling Startup.s...
compiling delay_loop.c...
linking...
Program Size: Code=808 RO-data=16 RW-data=0 ZI-data=1256  
"sample1.axf" - 0 Error(s), 0 Warning(s).
Build target 'Target 1'
assembling Startup.s...
compiling delay_single_file.c...
delay_single_file.c(25): warning:  #1-D: last line of file ends without a newline
delay_single_file.c:   }
delay_single_file.c:    ^
delay_single_file.c: delay_single_file.c: 1 warning, 0 errors
linking...
Program Size: Code=844 RO-data=16 RW-data=0 ZI-data=1256  
"sample1.axf" - 0 Error(s), 1 Warning(s).
Build target 'Target 1'
assembling Startup.s...
compiling delay_single_file.c...
linking...
Program Size: Code=844 RO-data=16 RW-data=0 ZI-data=1256  
"sample1.axf" - 0 Error(s), 0 Warning(s).
Build target 'Target 1'
assembling Startup.s...
compiling delay_single_file.c...
linking...
Program Size: Code=856 RO-data=16 RW-data=0 ZI-data=1256  
"sample1.axf" - 0 Error(s), 0 Warning(s).
Build target 'Target 1'
assembling Startup.s...
compiling delay_test.c...
delay_test.c(1): error:  #5: cannot open source input file "delay.h": No such file or directory
delay_test.c:   #include "delay.h"
delay_test.c:                     ^
delay_test.c: delay_test.c: 0 warnings, 1 error
Target not created
Build target 'Target 1'
assembling Startup.s...
compiling delay_test.c...
delay_header.h(3): warning:  #1-D: last line of file ends without a newline
delay_header.h:   void delay_s(unsigned int dlys);
delay_header.h:                                   ^
delay_test.c(4): error:  #20: identifier "delay" is undefined
delay_test.c:           delay ms(100); //100 ms
delay_test.c:           ^
delay_test.c(4): error:  #79: expected a type specifier
delay_test.c:           delay ms(100); //100 ms
delay_test.c:                    ^
delay_test.c(7): error:  #65: expected a ";"
delay_test.c:           delay_ms(1000)// 1 sec
delay_test.c:           ^
delay_test.c(8): warning:  #1-D: last line of file ends without a newline
delay_test.c:   }
delay_test.c:    ^
delay_test.c: delay_test.c: 2 warnings, 3 errors
Target not created
Build target 'Target 1'
assembling Startup.s...
compiling delay_test.c...
delay_test.c(4): error:  #20: identifier "delay" is undefined
delay_test.c:           delay ms(100); //100 ms
delay_test.c:           ^
delay_test.c(4): error:  #79: expected a type specifier
delay_test.c:           delay ms(100); //100 ms
delay_test.c:                    ^
delay_test.c(7): error:  #65: expected a ";"
delay_test.c:           delay_ms(1000)// 1 sec
delay_test.c:           ^
delay_test.c: delay_test.c: 0 warnings, 3 errors
Target not created
Build target 'Target 1'
assembling Startup.s...
compiling delay_test.c...
delay_test.c(7): error:  #65: expected a ";"
delay_test.c:           delay_ms(1000)// 1 sec
delay_test.c:           ^
delay_test.c: delay_test.c: 0 warnings, 1 error
Target not created
Build target 'Target 1'
assembling Startup.s...
compiling delay_test.c...
linking...
sample1.axf: Error: L6218E: Undefined symbol delay_ms (referred from delay_test.o).
sample1.axf: Error: L6218E: Undefined symbol delay_s (referred from delay_test.o).
sample1.axf: Error: L6218E: Undefined symbol delay_us (referred from delay_test.o).
sample1.axf: Not enough information to list image symbols.
sample1.axf: Finished: 1 information, 0 warning and 3 error messages.
Target not created
Build target 'Target 1'
assembling Startup.s...
compiling delay_test.c...
linking...
sample1.axf: Error: L6218E: Undefined symbol delay_ms (referred from delay_test.o).
sample1.axf: Error: L6218E: Undefined symbol delay_s (referred from delay_test.o).
sample1.axf: Error: L6218E: Undefined symbol delay_us (referred from delay_test.o).
sample1.axf: Not enough information to list image symbols.
sample1.axf: Finished: 1 information, 0 warning and 3 error messages.
Target not created
Build target 'Target 1'
assembling Startup.s...
compiling delay_test.c...
delay_header_defn.h(14): warning:  #1-D: last line of file ends without a newline
delay_header_defn.h:   }
delay_header_defn.h:    ^
delay_header_defn.h: delay_test.c: 1 warning, 0 errors
linking...
Program Size: Code=872 RO-data=16 RW-data=0 ZI-data=1256  
"sample1.axf" - 0 Error(s), 1 Warning(s).
Build target 'Target 1'
assembling Startup.s...
compiling delay_test.c...
linking...
Program Size: Code=872 RO-data=16 RW-data=0 ZI-data=1256  
"sample1.axf" - 0 Error(s), 0 Warning(s).
Build target 'Target 1'
assembling Startup.s...
compiling delay_test.c...
linking...
Program Size: Code=872 RO-data=16 RW-data=0 ZI-data=1256  
"sample1.axf" - 0 Error(s), 0 Warning(s).
Build target 'Target 1'
linking...
Program Size: Code=872 RO-data=16 RW-data=0 ZI-data=1256  
"sample1.axf" - 0 Error(s), 0 Warning(s).
Build target 'Target 1'
assembling Startup.s...
compiling delay_test.c...
linking...
Program Size: Code=872 RO-data=16 RW-data=0 ZI-data=1256  
"sample1.axf" - 0 Error(s), 0 Warning(s).
Build target 'Target 1'
assembling Startup.s...
compiling delay_test.c...
linking...
Program Size: Code=872 RO-data=16 RW-data=0 ZI-data=1256  
"sample1.axf" - 0 Error(s), 0 Warning(s).
Build target 'Target 1'
assembling Startup.s...
compiling delay_test.c...
delay_test1.c(4): warning:  #1-D: last line of file ends without a newline
delay_test1.c:   }
delay_test1.c:    ^
delay_test1.c: delay_test.c: 1 warning, 0 errors
linking...
Program Size: Code=892 RO-data=16 RW-data=0 ZI-data=1256  
"sample1.axf" - 0 Error(s), 1 Warning(s).
Build target 'Target 1'
assembling Startup.s...
compiling delay_test.c...
compiling delay_test1.c...
delay_test1.c(3): warning:  #223-D: function "delay_us" declared implicitly
delay_test1.c:          delay_us(1);
delay_test1.c:          ^
delay_test1.c(4): warning:  #1-D: last line of file ends without a newline
delay_test1.c:   }
delay_test1.c:    ^
delay_test1.c: delay_test1.c: 2 warnings, 0 errors
linking...
Program Size: Code=872 RO-data=16 RW-data=0 ZI-data=1256  
"sample1.axf" - 0 Error(s), 2 Warning(s).
Build target 'Target 1'
assembling Startup.s...
compiling delay_test.c...
compiling delay_test1.c...
delay_test1.c(3): warning:  #223-D: function "delay_us" declared implicitly
delay_test1.c:          delay_us(1);
delay_test1.c:          ^
delay_test1.c(4): warning:  #1-D: last line of file ends without a newline
delay_test1.c:   }
delay_test1.c:    ^
delay_test1.c: delay_test1.c: 2 warnings, 0 errors
linking...
Program Size: Code=872 RO-data=16 RW-data=0 ZI-data=1256  
"sample1.axf" - 0 Error(s), 2 Warning(s).
Build target 'Target 1'
assembling Startup.s...
compiling delay_single_file.c...
linking...
Program Size: Code=856 RO-data=16 RW-data=0 ZI-data=1256  
"sample1.axf" - 0 Error(s), 0 Warning(s).
Build target 'Target 1'
assembling Startup.s...
compiling delay_single_file.c...
delay_single_file.c(4): warning:  #223-D: function "delay_us" declared implicitly
delay_single_file.c:    delay_us(2);
delay_single_file.c:    ^
delay_single_file.c(6): warning:  #223-D: function "delay_ms" declared implicitly
delay_single_file.c:    delay_ms(10);
delay_single_file.c:    ^
delay_single_file.c(8): warning:  #223-D: function "delay_s" declared implicitly
delay_single_file.c:    delay_s(5);
delay_single_file.c:    ^
delay_single_file.c(12): error:  #159: declaration is incompatible with previous "delay_us" (declared at line 4)
delay_single_file.c:   void delay_us(unsigned int dlyus)
delay_single_file.c:        ^
delay_single_file.c(17): error:  #159: declaration is incompatible with previous "delay_ms" (declared at line 6)
delay_single_file.c:   void delay_ms(unsigned int dlyms)
delay_single_file.c:        ^
delay_single_file.c(22): error:  #159: declaration is incompatible with previous "delay_s" (declared at line 8)
delay_single_file.c:   void delay_s(unsigned int dlys)
delay_single_file.c:        ^
delay_single_file.c: delay_single_file.c: 3 warnings, 3 errors
Target not created
Build target 'Target 1'
assembling Startup.s...
compiling delay_single_file.c...
linking...
Program Size: Code=856 RO-data=16 RW-data=0 ZI-data=1256  
"sample1.axf" - 0 Error(s), 0 Warning(s).
Build target 'Target 1'
assembling Startup.s...
compiling delay_single_file.c...
linking...
Program Size: Code=856 RO-data=16 RW-data=0 ZI-data=1256  
"sample1.axf" - 0 Error(s), 0 Warning(s).
Build target 'Target 1'
assembling Startup.s...
compiling test2.c...
compiling delay.c...
delay.c(16): warning:  #1-D: last line of file ends without a newline
delay.c:   }
delay.c:    ^
delay.c: delay.c: 1 warning, 0 errors
linking...
Program Size: Code=792 RO-data=32 RW-data=0 ZI-data=1288  
"sample1.axf" - 0 Error(s), 1 Warning(s).
Build target 'Target 1'
assembling Startup.s...
compiling test2.c...
compiling delay.c...
linking...
Program Size: Code=792 RO-data=32 RW-data=0 ZI-data=1288  
"sample1.axf" - 0 Error(s), 0 Warning(s).
Build target 'Target 1'
assembling Startup.s...
compiling test2.c...
test2.c(10): warning:  #223-D: function "delay_s" declared implicitly
test2.c:                delay_s(5);
test2.c:                ^
test2.c: test2.c: 1 warning, 0 errors
compiling delay.c...
linking...
Program Size: Code=892 RO-data=32 RW-data=0 ZI-data=1288  
"sample1.axf" - 0 Error(s), 1 Warning(s).
Build target 'Target 1'
assembling Startup.s...
compiling test2.c...
test2.c(10): warning:  #223-D: function "delay_s" declared implicitly
test2.c:                delay_s(5);
test2.c:                ^
test2.c: test2.c: 1 warning, 0 errors
compiling delay.c...
linking...
Program Size: Code=892 RO-data=32 RW-data=0 ZI-data=1288  
"sample1.axf" - 0 Error(s), 1 Warning(s).
Build target 'Target 1'
assembling Startup.s...
compiling test2.c...
test2.c(10): warning:  #223-D: function "delay_s" declared implicitly
test2.c:                delay_s(5);
test2.c:                ^
test2.c: test2.c: 1 warning, 0 errors
compiling delay.c...
linking...
Program Size: Code=892 RO-data=32 RW-data=0 ZI-data=1288  
"sample1.axf" - 0 Error(s), 1 Warning(s).
Build target 'Target 1'
assembling Startup.s...
compiling test2.c...
test2.c(10): warning:  #223-D: function "delay_s" declared implicitly
test2.c:                delay_s(5);
test2.c:                ^
test2.c: test2.c: 1 warning, 0 errors
compiling delay.c...
linking...
Program Size: Code=892 RO-data=32 RW-data=0 ZI-data=1288  
"sample1.axf" - 0 Error(s), 1 Warning(s).
Build target 'Target 1'
assembling Startup.s...
compiling test2.c...
test2.c(10): warning:  #223-D: function "delay_s" declared implicitly
test2.c:                delay_s(5);
test2.c:                ^
test2.c: test2.c: 1 warning, 0 errors
compiling delay.c...
linking...
Program Size: Code=892 RO-data=32 RW-data=0 ZI-data=1288  
"sample1.axf" - 0 Error(s), 1 Warning(s).
Build target 'Target 1'
assembling Startup.s...
compiling test2.c...
test2.c(10): warning:  #223-D: function "delay_s" declared implicitly
test2.c:                delay_s(5);
test2.c:                ^
test2.c: test2.c: 1 warning, 0 errors
compiling delay.c...
linking...
Program Size: Code=892 RO-data=32 RW-data=0 ZI-data=1288  
"sample1.axf" - 0 Error(s), 1 Warning(s).
Build target 'Target 1'
assembling Startup.s...
compiling test2.c...
test2.c(10): warning:  #223-D: function "delay_s" declared implicitly
test2.c:                delay_s(5);
test2.c:                ^
test2.c: test2.c: 1 warning, 0 errors
compiling delay.c...
linking...
Program Size: Code=892 RO-data=32 RW-data=0 ZI-data=1288  
"sample1.axf" - 0 Error(s), 1 Warning(s).
Build target 'Target 1'
assembling Startup.s...
compiling test2.c...
test2.c(10): warning:  #223-D: function "delay_s" declared implicitly
test2.c:                delay_s(5);
test2.c:                ^
test2.c: test2.c: 1 warning, 0 errors
compiling delay.c...
linking...
Program Size: Code=892 RO-data=32 RW-data=0 ZI-data=1288  
"sample1.axf" - 0 Error(s), 1 Warning(s).
Build target 'Target 1'
assembling Startup.s...
compiling test2.c...
test2.c(10): warning:  #223-D: function "delay_s" declared implicitly
test2.c:                delay_s(5);
test2.c:                ^
test2.c: test2.c: 1 warning, 0 errors
compiling delay.c...
linking...
Program Size: Code=892 RO-data=32 RW-data=0 ZI-data=1288  
"sample1.axf" - 0 Error(s), 1 Warning(s).
Build target 'Target 1'
assembling Startup.s...
compiling test2.c...
test2.c(10): warning:  #223-D: function "delay_s" declared implicitly
test2.c:                delay_s(5);
test2.c:                ^
test2.c: test2.c: 1 warning, 0 errors
compiling delay.c...
linking...
Program Size: Code=892 RO-data=32 RW-data=0 ZI-data=1288  
"sample1.axf" - 0 Error(s), 1 Warning(s).
Build target 'Target 1'
assembling Startup.s...
compiling test2.c...
test2.c(10): warning:  #223-D: function "delay_s" declared implicitly
test2.c:                delay_s(5);
test2.c:                ^
test2.c: test2.c: 1 warning, 0 errors
compiling delay.c...
linking...
Program Size: Code=892 RO-data=32 RW-data=0 ZI-data=1288  
"sample1.axf" - 0 Error(s), 1 Warning(s).
Build target 'Target 1'
assembling Startup.s...
compiling test2.c...
compiling delay.c...
linking...
Program Size: Code=892 RO-data=32 RW-data=0 ZI-data=1288  
"sample1.axf" - 0 Error(s), 0 Warning(s).
Build target 'Target 1'
assembling Startup.s...
compiling delay.c...
compiling rom_to_ram_attribute.c...
linking...
Program Size: Code=892 RO-data=32 RW-data=0 ZI-data=1288  
"sample1.axf" - 0 Error(s), 0 Warning(s).
Build target 'Target 1'
assembling Startup.s...
compiling delay.c...
compiling rom_to_ram_attribute.c...
linking...
Program Size: Code=892 RO-data=32 RW-data=0 ZI-data=1288  
"sample1.axf" - 0 Error(s), 0 Warning(s).
Build target 'Target 1'
assembling Startup.s...
compiling delay.c...
compiling rom_to_ram_attribute.c...
rom_to_ram_attribute.c(3): error:  #20: identifier "cs8" is undefined
rom_to_ram_attribute.c:   cs8 s[]__attribute__((at(0x00000010)))= "Welcome Bhanu";
rom_to_ram_attribute.c:   ^
rom_to_ram_attribute.c(3): warning:  #520-D: initialization with "{...}" expected for aggregate object
rom_to_ram_attribute.c:   cs8 s[]__attribute__((at(0x00000010)))= "Welcome Bhanu";
rom_to_ram_attribute.c:                                           ^
rom_to_ram_attribute.c: rom_to_ram_attribute.c: 1 warning, 1 error
compiling typedef.c...
typedef.c(4): warning:  #1-D: last line of file ends without a newline
typedef.c:   typedef const char cs8;
typedef.c:                          ^
typedef.c: typedef.c: 1 warning, 0 errors
Target not created
Build target 'Target 1'
assembling Startup.s...
compiling delay.c...
compiling rom_to_ram_attribute.c...
compiling typedef.c...
typedef.c(4): warning:  #1-D: last line of file ends without a newline
typedef.c:   typedef const char cs8;
typedef.c:                          ^
typedef.c: typedef.c: 1 warning, 0 errors
linking...
Program Size: Code=892 RO-data=32 RW-data=0 ZI-data=1288  
"sample1.axf" - 0 Error(s), 1 Warning(s).
Build target 'Target 1'
assembling Startup.s...
compiling delay.c...
compiling rom_to_ram_attribute.c...
compiling typedef.c...
linking...
Program Size: Code=892 RO-data=32 RW-data=0 ZI-data=1288  
"sample1.axf" - 0 Error(s), 0 Warning(s).
Build target 'Target 1'
assembling Startup.s...
compiling delay.c...
compiling rom_to_ram_attribute.c...
compiling typedef.c...
linking...
Program Size: Code=892 RO-data=32 RW-data=0 ZI-data=1288  
"sample1.axf" - 0 Error(s), 0 Warning(s).
Build target 'Target 1'
assembling Startup.s...
compiling delay.c...
compiling rom_to_ram_attribute.c...
rom_to_ram_attribute.c(3): error:  #20: identifier "cs8" is undefined
rom_to_ram_attribute.c:   cs8 s[]__attribute__((at(0x00000010)))= "Welcome Bhanu";
rom_to_ram_attribute.c:   ^
rom_to_ram_attribute.c(3): warning:  #520-D: initialization with "{...}" expected for aggregate object
rom_to_ram_attribute.c:   cs8 s[]__attribute__((at(0x00000010)))= "Welcome Bhanu";
rom_to_ram_attribute.c:                                           ^
rom_to_ram_attribute.c: rom_to_ram_attribute.c: 1 warning, 1 error
compiling typedef.c...
Target not created
Build target 'Target 1'
assembling Startup.s...
compiling delay.c...
compiling rom_to_ram_attribute.c...
compiling typedef.c...
linking...
Program Size: Code=892 RO-data=32 RW-data=0 ZI-data=1288  
"sample1.axf" - 0 Error(s), 0 Warning(s).
Build target 'Target 1'
assembling Startup.s...
compiling delay.c...
compiling rom_to_ram_attribute.c...
linking...
Program Size: Code=892 RO-data=32 RW-data=0 ZI-data=1288  
"sample1.axf" - 0 Error(s), 0 Warning(s).
Build target 'Target 1'
assembling Startup.s...
compiling delay.c...
compiling rom_to_ram_attribute.c...
linking...
Program Size: Code=892 RO-data=32 RW-data=0 ZI-data=1288  
"sample1.axf" - 0 Error(s), 0 Warning(s).
Build target 'Target 1'
assembling Startup.s...
compiling delay.c...
compiling rom_to_ram_attribute.c...
linking...
Program Size: Code=892 RO-data=32 RW-data=0 ZI-data=1288  
"sample1.axf" - 0 Error(s), 0 Warning(s).
Build target 'Target 1'
assembling Startup.s...
compiling delay.c...
compiling rom_to_ram_attribute.c...
linking...
Program Size: Code=892 RO-data=32 RW-data=0 ZI-data=1288  
"sample1.axf" - 0 Error(s), 0 Warning(s).
Build target 'Target 1'
assembling Startup.s...
compiling delay.c...
compiling rom_to_ram_attribute.c...
linking...
Program Size: Code=892 RO-data=32 RW-data=0 ZI-data=1288  
"sample1.axf" - 0 Error(s), 0 Warning(s).
Build target 'Target 1'
assembling Startup.s...
compiling delay.c...
compiling rom_to_ram_attribute.c...
delay_header.h(2): error:  #20: identifier "u32" is undefined
delay_header.h:   void delay_us(u32 dlyus);
delay_header.h:                 ^
delay_header.h(3): error:  #20: identifier "u32" is undefined
delay_header.h:   void delay_ms(u32 dlyms);
delay_header.h:                 ^
delay_header.h(4): error:  #20: identifier "u32" is undefined
delay_header.h:   void delay_s(u32 dlys);
delay_header.h:                ^
delay_header.h: rom_to_ram_attribute.c: 0 warnings, 3 errors
Target not created
Build target 'Target 1'
assembling Startup.s...
compiling delay.c...
compiling rom_to_ram_attribute.c...
linking...
Program Size: Code=892 RO-data=32 RW-data=0 ZI-data=1288  
"sample1.axf" - 0 Error(s), 0 Warning(s).
Build target 'Target 1'
assembling Startup.s...
compiling delay.c...
compiling rom_to_ram_attribute.c...
linking...
Program Size: Code=892 RO-data=32 RW-data=0 ZI-data=1288  
"sample1.axf" - 0 Error(s), 0 Warning(s).
Build target 'Target 1'
assembling Startup.s...
compiling delay.c...
compiling rom_to_ram_attribute.c...
linking...
Program Size: Code=892 RO-data=32 RW-data=0 ZI-data=1288  
"sample1.axf" - 0 Error(s), 0 Warning(s).
Build target 'Target 1'
assembling Startup.s...
compiling delay.c...
compiling rom_to_ram_attribute.c...
linking...
Program Size: Code=892 RO-data=32 RW-data=0 ZI-data=1288  
"sample1.axf" - 0 Error(s), 0 Warning(s).
Build target 'Target 1'
assembling Startup.s...
compiling delay.c...
compiling rom_to_ram_attribute.c...
linking...
Program Size: Code=892 RO-data=32 RW-data=0 ZI-data=1288  
"sample1.axf" - 0 Error(s), 0 Warning(s).
Build target 'Target 1'
assembling Startup.s...
compiling delay.c...
compiling rom_to_ram_attribute.c...
linking...
Program Size: Code=892 RO-data=20 RW-data=0 ZI-data=1272  
"sample1.axf" - 0 Error(s), 0 Warning(s).
Build target 'Target 1'
assembling Startup.s...
compiling delay.c...
compiling rom_to_ram_attribute.c...
linking...
Program Size: Code=900 RO-data=20 RW-data=0 ZI-data=1272  
"sample1.axf" - 0 Error(s), 0 Warning(s).
Build target 'Target 1'
assembling Startup.s...
compiling delay.c...
compiling rom_to_ram_attribute.c...
linking...
Program Size: Code=892 RO-data=32 RW-data=0 ZI-data=1288  
"sample1.axf" - 0 Error(s), 0 Warning(s).
