<html>
<body>
<pre>
<h1>µVision Build Log</h1>
<h2>Project:</h2>
E:\v25he11b13\ARM\sample.uvproj
Project File Date:  07/13/2026

<h2>Output:</h2>
Build target 'Target 1'
assembling Startup.s...
linking...
sample.axf: Warning: L6665W: Neither Lib$$Request$$armlib Lib$$Request$$cpplib defined, not searching ARM libraries.
sample.axf: Error: L6411E: No compatible library exists with a definition of startup symbol __main.
sample.axf: Not enough information to list image symbols.
sample.axf: Not enough information to list the image map.
sample.axf: Finished: 2 information, 1 warning and 1 error messages.
Target not created
Build target 'Target 1'
linking...
sample.axf: Warning: L6665W: Neither Lib$$Request$$armlib Lib$$Request$$cpplib defined, not searching ARM libraries.
sample.axf: Error: L6411E: No compatible library exists with a definition of startup symbol __main.
sample.axf: Not enough information to list image symbols.
sample.axf: Not enough information to list the image map.
sample.axf: Finished: 2 information, 1 warning and 1 error messages.
Target not created
Build target 'Target 1'
assembling Startup.s...
linking...
sample.axf: Warning: L6665W: Neither Lib$$Request$$armlib Lib$$Request$$cpplib defined, not searching ARM libraries.
sample.axf: Error: L6411E: No compatible library exists with a definition of startup symbol __main.
sample.axf: Not enough information to list image symbols.
sample.axf: Not enough information to list the image map.
sample.axf: Finished: 2 information, 1 warning and 1 error messages.
Target not created
Build target 'Target 1'
compiling test.c...
test.c(12): warning:  #1-D: last line of file ends without a newline
test.c:   }
test.c:    ^
test.c: test.c: 1 warning, 0 errors
linking...
Program Size: Code=832 RO-data=40 RW-data=4 ZI-data=1260  
"sample.axf" - 0 Error(s), 1 Warning(s).
Build target 'Target 1'
compiling test.c...
linking...
Program Size: Code=832 RO-data=40 RW-data=4 ZI-data=1260  
"sample.axf" - 0 Error(s), 0 Warning(s).
Build target 'Target 1'
assembling Startup.s...
compiling test.c...
linking...
Program Size: Code=832 RO-data=40 RW-data=4 ZI-data=1260  
"sample.axf" - 0 Error(s), 0 Warning(s).
Build target 'Target 1'
assembling Startup.s...
compiling test.c...
linking...
Program Size: Code=832 RO-data=40 RW-data=4 ZI-data=1260  
"sample.axf" - 0 Error(s), 0 Warning(s).
Build target 'Target 1'
assembling Startup.s...
compiling test.c...
linking...
Program Size: Code=832 RO-data=48 RW-data=4 ZI-data=1260  
"sample.axf" - 0 Error(s), 0 Warning(s).
Build target 'Target 1'
assembling Startup.s...
compiling test2.c...
linking...
Program Size: Code=792 RO-data=32 RW-data=0 ZI-data=1272  
"sample.axf" - 0 Error(s), 0 Warning(s).
Build target 'Target 1'
assembling Startup.s...
compiling test2.c...
linking...
sample.axf: Error: L6982E: AT section test2.o(.ARM.__AT_0x00000010) with base 0x00000010 limit 0x0000001e overlaps address range with AT section test2.o(.ARM.__AT_0x00000018) with base 0x00000018 limit 0x00000022.
sample.axf: Not enough information to list image symbols.
sample.axf: Finished: 1 information, 0 warning and 1 error messages.
Target not created
Build target 'Target 1'
assembling Startup.s...
compiling test2.c...
linking...
sample.axf: Error: L6982E: AT section test2.o(.ARM.__AT_0x00000009) with base 0x00000009 limit 0x00000013 overlaps address range with AT section test2.o(.ARM.__AT_0x00000010) with base 0x00000010 limit 0x0000001e.
sample.axf: Not enough information to list image symbols.
sample.axf: Finished: 1 information, 0 warning and 1 error messages.
Target not created
Build target 'Target 1'
assembling Startup.s...
compiling test2.c...
linking...
sample.axf: Error: L6982E: AT section test2.o(.ARM.__AT_0x00000009) with base 0x00000009 limit 0x00000013 overlaps address range with AT section test2.o(.ARM.__AT_0x00000010) with base 0x00000010 limit 0x0000001e.
sample.axf: Not enough information to list image symbols.
sample.axf: Finished: 1 information, 0 warning and 1 error messages.
Target not created
Build target 'Target 1'
assembling Startup.s...
compiling test2.c...
linking...
Program Size: Code=792 RO-data=32 RW-data=0 ZI-data=1288  
"sample.axf" - 0 Error(s), 0 Warning(s).
