<html>
<body>
<pre>
<h1>µVision Build Log</h1>
<h2>Project:</h2>
E:\v25he11b13\ARM\sample1.uvproj
Project File Date:  07/14/2026

<h2>Output:</h2>
Build target 'Target 1'
assembling Startup.s...
linking...
sample1.axf: Warning: L6665W: Neither Lib$$Request$$armlib Lib$$Request$$cpplib defined, not searching ARM libraries.
sample1.axf: Error: L6411E: No compatible library exists with a definition of startup symbol __main.
sample1.axf: Not enough information to list image symbols.
sample1.axf: Not enough information to list the image map.
sample1.axf: Finished: 2 information, 1 warning and 1 error messages.
Target not created
Build target 'Target 1'
assembling Startup.s...
linking...
sample1.axf: Warning: L6665W: Neither Lib$$Request$$armlib Lib$$Request$$cpplib defined, not searching ARM libraries.
sample1.axf: Error: L6411E: No compatible library exists with a definition of startup symbol __main.
sample1.axf: Not enough information to list image symbols.
sample1.axf: Not enough information to list the image map.
sample1.axf: Finished: 2 information, 1 warning and 1 error messages.
Target not created
Build target 'Target 1'
assembling Startup.s...
linking...
sample1.axf: Warning: L6665W: Neither Lib$$Request$$armlib Lib$$Request$$cpplib defined, not searching ARM libraries.
sample1.axf: Error: L6411E: No compatible library exists with a definition of startup symbol __main.
sample1.axf: Not enough information to list image symbols.
sample1.axf: Not enough information to list the image map.
sample1.axf: Finished: 2 information, 1 warning and 1 error messages.
Target not created
Build target 'Target 1'
assembling Startup.s...
linking...
sample1.axf: Warning: L6665W: Neither Lib$$Request$$armlib Lib$$Request$$cpplib defined, not searching ARM libraries.
sample1.axf: Error: L6411E: No compatible library exists with a definition of startup symbol __main.
sample1.axf: Not enough information to list image symbols.
sample1.axf: Not enough information to list the image map.
sample1.axf: Finished: 2 information, 1 warning and 1 error messages.
Target not created
Build target 'Target 1'
assembling Startup.s...
compiling pcb_test.c...
pcb_test.c(6): warning:  #1-D: last line of file ends without a newline
pcb_test.c:   }
pcb_test.c:    ^
pcb_test.c: pcb_test.c: 1 warning, 0 errors
linking...
Program Size: Code=756 RO-data=16 RW-data=0 ZI-data=1256  
"sample1.axf" - 0 Error(s), 1 Warning(s).
Build target 'Target 1'
assembling Startup.s...
compiling pcb_test.c...
linking...
Program Size: Code=756 RO-data=16 RW-data=0 ZI-data=1256  
"sample1.axf" - 0 Error(s), 0 Warning(s).
Build target 'Target 1'
assembling Startup.s...
compiling pcb_test.c...
linking...
Program Size: Code=764 RO-data=16 RW-data=0 ZI-data=1256  
"sample1.axf" - 0 Error(s), 0 Warning(s).
Build target 'Target 1'
assembling Startup.s...
compiling pcb_test.c...
linking...
Program Size: Code=764 RO-data=16 RW-data=0 ZI-data=1256  
"sample1.axf" - 0 Error(s), 0 Warning(s).
Build target 'Target 1'
assembling Startup.s...
compiling pcb_test.c...
linking...
Program Size: Code=764 RO-data=16 RW-data=0 ZI-data=1256  
"sample1.axf" - 0 Error(s), 0 Warning(s).
Build target 'Target 1'
assembling Startup.s...
compiling pcb_test.c...
linking...
Program Size: Code=780 RO-data=16 RW-data=0 ZI-data=1256  
"sample1.axf" - 0 Error(s), 0 Warning(s).
Build target 'Target 1'
assembling Startup.s...
compiling pcb_test.c...
pcb_test.c(18): warning:  #63-D: shift count is too large
pcb_test.c:   PINSEL0=0<<16*2;
pcb_test.c:              ^
pcb_test.c: pcb_test.c: 1 warning, 0 errors
linking...
Program Size: Code=788 RO-data=16 RW-data=0 ZI-data=1256  
"sample1.axf" - 0 Error(s), 1 Warning(s).
Build target 'Target 1'
assembling Startup.s...
compiling pcb_test.c...
linking...
Program Size: Code=812 RO-data=16 RW-data=0 ZI-data=1256  
"sample1.axf" - 0 Error(s), 0 Warning(s).
Build target 'Target 1'
assembling Startup.s...
compiling cfg_pcb.c...
linking...
Program Size: Code=812 RO-data=16 RW-data=0 ZI-data=1256  
"sample1.axf" - 0 Error(s), 0 Warning(s).
Build target 'Target 1'
assembling Startup.s...
compiling cfg_PINSEL0.c...
compiling cfg_PINSEL0_PINSEL1.c...
linking...
Program Size: Code=812 RO-data=16 RW-data=0 ZI-data=1256  
"sample1.axf" - 0 Error(s), 0 Warning(s).
Build target 'Target 1'
assembling Startup.s...
compiling cfg_PINSEL0.c...
cfg_PINSEL0.c(15): warning:  #61-D: integer operation result is out of range
cfg_PINSEL0.c:          PINSEL0=3<<(15*2); 
cfg_PINSEL0.c:                     ^
cfg_PINSEL0.c(15): warning:  #68-D: integer conversion resulted in a change of sign
cfg_PINSEL0.c:          PINSEL0=3<<(15*2); 
cfg_PINSEL0.c:                  ^
cfg_PINSEL0.c(16): warning:  #1-D: last line of file ends without a newline
cfg_PINSEL0.c:   }
cfg_PINSEL0.c:    ^
cfg_PINSEL0.c: cfg_PINSEL0.c: 3 warnings, 0 errors
linking...
Program Size: Code=780 RO-data=16 RW-data=0 ZI-data=1256  
"sample1.axf" - 0 Error(s), 3 Warning(s).
Build target 'Target 1'
assembling Startup.s...
compiling cfg_PINSEL0.c...
cfg_PINSEL0.c(15): warning:  #61-D: integer operation result is out of range
cfg_PINSEL0.c:          PINSEL0=3<<(15*2); 
cfg_PINSEL0.c:                     ^
cfg_PINSEL0.c(15): warning:  #68-D: integer conversion resulted in a change of sign
cfg_PINSEL0.c:          PINSEL0=3<<(15*2); 
cfg_PINSEL0.c:                  ^
cfg_PINSEL0.c: cfg_PINSEL0.c: 2 warnings, 0 errors
linking...
Program Size: Code=780 RO-data=16 RW-data=0 ZI-data=1256  
"sample1.axf" - 0 Error(s), 2 Warning(s).
Build target 'Target 1'
compiling cfg_PINSEL0.c...
cfg_PINSEL0.c(15): warning:  #61-D: integer operation result is out of range
cfg_PINSEL0.c:          PINSEL0=3<<(15*2); 
cfg_PINSEL0.c:                     ^
cfg_PINSEL0.c(15): warning:  #68-D: integer conversion resulted in a change of sign
cfg_PINSEL0.c:          PINSEL0=3<<(15*2); 
cfg_PINSEL0.c:                  ^
cfg_PINSEL0.c: cfg_PINSEL0.c: 2 warnings, 0 errors
linking...
Program Size: Code=780 RO-data=16 RW-data=0 ZI-data=1256  
"sample1.axf" - 0 Error(s), 2 Warning(s).
Build target 'Target 1'
linking...
Program Size: Code=780 RO-data=16 RW-data=0 ZI-data=1256  
"sample1.axf" - 0 Error(s), 0 Warning(s).
Build target 'Target 1'
assembling Startup.s...
compiling cfg_PINSEL0.c...
cfg_PINSEL0.c(15): warning:  #61-D: integer operation result is out of range
cfg_PINSEL0.c:          PINSEL0=3<<(15*2); 
cfg_PINSEL0.c:                     ^
cfg_PINSEL0.c(15): warning:  #68-D: integer conversion resulted in a change of sign
cfg_PINSEL0.c:          PINSEL0=3<<(15*2); 
cfg_PINSEL0.c:                  ^
cfg_PINSEL0.c: cfg_PINSEL0.c: 2 warnings, 0 errors
linking...
Program Size: Code=780 RO-data=16 RW-data=0 ZI-data=1256  
"sample1.axf" - 0 Error(s), 2 Warning(s).
Build target 'Target 1'
assembling Startup.s...
compiling cfg_PINSEL0.c...
cfg_PINSEL0.c(15): error:  #20: identifier "u32" is undefined
cfg_PINSEL0.c:          PINSEL0=3<<((u32)15*2); 
cfg_PINSEL0.c:                       ^
cfg_PINSEL0.c(15): error:  #18: expected a ")"
cfg_PINSEL0.c:          PINSEL0=3<<((u32)15*2); 
cfg_PINSEL0.c:                           ^
cfg_PINSEL0.c: cfg_PINSEL0.c: 0 warnings, 2 errors
Target not created
Build target 'Target 1'
compiling cfg_PINSEL0.c...
cfg_PINSEL0.c(15): warning:  #61-D: integer operation result is out of range
cfg_PINSEL0.c:          PINSEL0=3<<((unsigned int)15*2); 
cfg_PINSEL0.c:                     ^
cfg_PINSEL0.c(15): warning:  #68-D: integer conversion resulted in a change of sign
cfg_PINSEL0.c:          PINSEL0=3<<((unsigned int)15*2); 
cfg_PINSEL0.c:                  ^
cfg_PINSEL0.c: cfg_PINSEL0.c: 2 warnings, 0 errors
linking...
Program Size: Code=780 RO-data=16 RW-data=0 ZI-data=1256  
"sample1.axf" - 0 Error(s), 2 Warning(s).
Build target 'Target 1'
assembling Startup.s...
compiling cfg_PINSEL0.c...
cfg_PINSEL0.c(15): warning:  #61-D: integer operation result is out of range
cfg_PINSEL0.c:          PINSEL0=3<<(unsigned int)(15*2); 
cfg_PINSEL0.c:                     ^
cfg_PINSEL0.c(15): warning:  #68-D: integer conversion resulted in a change of sign
cfg_PINSEL0.c:          PINSEL0=3<<(unsigned int)(15*2); 
cfg_PINSEL0.c:                  ^
cfg_PINSEL0.c: cfg_PINSEL0.c: 2 warnings, 0 errors
linking...
Program Size: Code=780 RO-data=16 RW-data=0 ZI-data=1256  
"sample1.axf" - 0 Error(s), 2 Warning(s).
Build target 'Target 1'
compiling cfg_PINSEL0.c...
cfg_PINSEL0.c(15): warning:  #61-D: integer operation result is out of range
cfg_PINSEL0.c:          PINSEL0=(unsigned int)(3<<((15*2))); 
cfg_PINSEL0.c:                                    ^
cfg_PINSEL0.c: cfg_PINSEL0.c: 1 warning, 0 errors
linking...
Program Size: Code=780 RO-data=16 RW-data=0 ZI-data=1256  
"sample1.axf" - 0 Error(s), 1 Warning(s).
Build target 'Target 1'
assembling Startup.s...
compiling cfg_PINSEL0.c...
cfg_PINSEL0.c(15): warning:  #61-D: integer operation result is out of range
cfg_PINSEL0.c:          PINSEL0=(unsigned int)(3<<(15*2)); 
cfg_PINSEL0.c:                                    ^
cfg_PINSEL0.c: cfg_PINSEL0.c: 1 warning, 0 errors
linking...
Program Size: Code=780 RO-data=16 RW-data=0 ZI-data=1256  
"sample1.axf" - 0 Error(s), 1 Warning(s).
Build target 'Target 1'
compiling cfg_PINSEL0.c...
cfg_PINSEL0.c(15): warning:  #61-D: integer operation result is out of range
cfg_PINSEL0.c:          PINSEL0=(unsigned int)(3<<((unsigned int)(15*2))); 
cfg_PINSEL0.c:                                    ^
cfg_PINSEL0.c: cfg_PINSEL0.c: 1 warning, 0 errors
linking...
Program Size: Code=780 RO-data=16 RW-data=0 ZI-data=1256  
"sample1.axf" - 0 Error(s), 1 Warning(s).
Build target 'Target 1'
assembling Startup.s...
compiling cfg_PINSEL0.c...
linking...
Program Size: Code=780 RO-data=16 RW-data=0 ZI-data=1256  
"sample1.axf" - 0 Error(s), 0 Warning(s).
Build target 'Target 1'
compiling cfg_PINSEL0.c...
linking...
Program Size: Code=780 RO-data=16 RW-data=0 ZI-data=1256  
"sample1.axf" - 0 Error(s), 0 Warning(s).
Build target 'Target 1'
assembling Startup.s...
compiling cfg_PINSEL0.c...
linking...
Program Size: Code=780 RO-data=16 RW-data=0 ZI-data=1256  
"sample1.axf" - 0 Error(s), 0 Warning(s).
Build target 'Target 1'
assembling Startup.s...
compiling cfg_reg.c...
linking...
Program Size: Code=808 RO-data=16 RW-data=0 ZI-data=1256  
"sample1.axf" - 0 Error(s), 0 Warning(s).
Build target 'Target 1'
assembling Startup.s...
compiling cfg_reg.c...
linking...
Program Size: Code=840 RO-data=16 RW-data=0 ZI-data=1256  
"sample1.axf" - 0 Error(s), 0 Warning(s).
Build target 'Target 1'
assembling Startup.s...
compiling cfg_reg.c...
linking...
Program Size: Code=856 RO-data=16 RW-data=0 ZI-data=1256  
"sample1.axf" - 0 Error(s), 0 Warning(s).
Build target 'Target 1'
assembling Startup.s...
compiling cfg_reg.c...
cfg_reg.c(31): error:  #20: identifier "PINSEL" is undefined
cfg_reg.c:      PINSEL|=2<<((17-16)*2);
cfg_reg.c:      ^
cfg_reg.c: cfg_reg.c: 0 warnings, 1 error
Target not created
Build target 'Target 1'
assembling Startup.s...
compiling cfg_reg.c...
linking...
Program Size: Code=888 RO-data=16 RW-data=0 ZI-data=1256  
"sample1.axf" - 0 Error(s), 0 Warning(s).
Build target 'Target 1'
assembling Startup.s...
compiling cfg_reg.c...
linking...
Program Size: Code=888 RO-data=16 RW-data=0 ZI-data=1256  
"sample1.axf" - 0 Error(s), 0 Warning(s).
Build target 'Target 1'
assembling Startup.s...
compiling cfg_same_pin.c...
cfg_same_pin.c(19): warning:  #1-D: last line of file ends without a newline
cfg_same_pin.c:   }
cfg_same_pin.c:    ^
cfg_same_pin.c: cfg_same_pin.c: 1 warning, 0 errors
linking...
Program Size: Code=808 RO-data=16 RW-data=0 ZI-data=1256  
"sample1.axf" - 0 Error(s), 1 Warning(s).
Build target 'Target 1'
assembling Startup.s...
compiling cfg_same_pin.c...
linking...
Program Size: Code=808 RO-data=16 RW-data=0 ZI-data=1256  
"sample1.axf" - 0 Error(s), 0 Warning(s).
Build target 'Target 1'
assembling Startup.s...
compiling cfg_same_pin.c...
linking...
Program Size: Code=808 RO-data=16 RW-data=0 ZI-data=1256  
"sample1.axf" - 0 Error(s), 0 Warning(s).
Build target 'Target 1'
assembling Startup.s...
compiling cfg_same_pin.c...
linking...
Program Size: Code=808 RO-data=16 RW-data=0 ZI-data=1256  
"sample1.axf" - 0 Error(s), 0 Warning(s).
Build target 'Target 1'
assembling Startup.s...
compiling cfg_same_pin_clear_bit.c...
linking...
Program Size: Code=812 RO-data=16 RW-data=0 ZI-data=1256  
"sample1.axf" - 0 Error(s), 0 Warning(s).
Build target 'Target 1'
assembling Startup.s...
compiling cfg_same_pin_clear_or_combine.c...
linking...
Program Size: Code=784 RO-data=16 RW-data=0 ZI-data=1256  
"sample1.axf" - 0 Error(s), 0 Warning(s).
Build target 'Target 1'
assembling Startup.s...
compiling cfg_same_pin_clear_or_combine.c...
linking...
Program Size: Code=788 RO-data=16 RW-data=0 ZI-data=1256  
"sample1.axf" - 0 Error(s), 0 Warning(s).
